// Jest Snapshot v1, https://goo.gl/fbAQLP

exports[`APIElementData throws error on incorrect information 1`] = `"Invalid Data input to APIElementData constructor"`;

exports[`APIElementData throws error on no information 1`] = `"Invalid Data input to APIElementData constructor"`;
